---
source: tests/integration_test.rs
expression: err_msg
---
"statement_in_expression_return.tw:3:10: 'return' is a statement and cannot be used where an expression is expected in case arm body\nhint: wrap it in a block expression, e.g. `=> { return ... }`\n   3 |     1 => return 1,\n\n               ^-----"
