---
source: tests/integration_test.rs
assertion_line: 162
expression: err_msg
---
"statement_in_expression_return.tw:2:7: 'return' is a statement and cannot be used where an expression is expected in call argument\nhint: wrap it in a block expression, e.g. `=> { return ... }`\n   2 |   foo(return 1)\n\n            ^-----"
