---
source: tests/integration_test.rs
expression: ast
---
SourceFile {
    items: [
        Stmt(
            Expr(
                Expr {
                    id: ExprId(
                        3,
                    ),
                    kind: Binary {
                        op: Mul,
                        left: Expr {
                            id: ExprId(
                                1,
                            ),
                            kind: Unary {
                                op: Neg,
                                expr: Expr {
                                    id: ExprId(
                                        0,
                                    ),
                                    kind: Ident(
                                        "x",
                                    ),
                                    span: 0:1..2,
                                },
                            },
                            span: 0:0..2,
                        },
                        right: Expr {
                            id: ExprId(
                                2,
                            ),
                            kind: Literal(
                                Int(
                                    2,
                                ),
                            ),
                            span: 0:5..6,
                        },
                    },
                    span: 0:0..6,
                },
            ),
        ),
    ],
    span: 0:0..6,
}
