---
source: tests/runtime_dump_test.rs
assertion_line: 131
expression: wat
---
(module
  (type $rt_types__Array (array (mut anyref)))
  (type $rt_types__String (array (mut i8)))
  (type $rt_types__VecChildren (array (mut (ref null eq))))
  (type $rt_types__VecInternal (struct (field $children (ref $rt_types__VecChildren))))
  (type $rt_types__PVec (struct (field $len i32) (field $shift i32) (field $root (ref null $rt_types__VecInternal)) (field $tail (ref $rt_types__Array))))
  (type $rt_types__HamtEntry (struct (field $hash i64) (field $key anyref) (field $val anyref)))
  (type $rt_types__HamtNode (struct (field $bitmap i32) (field $entries (ref $rt_types__Array))))
  (type $rt_types__HamtCollision (struct (field $tag i32) (field $hash i64) (field $entries (ref $rt_types__Array))))
  (type $rt_types__PDict (struct (field $size i32) (field $root (ref null $rt_types__HamtNode)) (field $order (ref $rt_types__PVec))))
  (type $rt_types__ClosureEnv (array anyref))
  (type $rt_types__ClosureFunc (func (param anyref anyref) (result anyref)))
  (type $rt_types__Closure (sub (struct (field $func_ref (ref null $rt_types__ClosureFunc)) (field $env (ref null $rt_types__ClosureEnv)))))
  (type $rt_types__Variant (struct (field $type_id i32) (field $variant_id i32) (field $payload (ref null $rt_types__Array))))
  (type $rt_types__BoxedInt (struct (field $v i64)))
  (type $rt_types__BoxedFloat (struct (field $v f64)))
  (type $rt_types__IterState (sub (struct (field $seed anyref) (field $step anyref))))
  (type $functype_0 (func (param i32) (result i32)))
  (type $functype_1 (func (param (ref $rt_types__PVec) i32) (result (ref $rt_types__Array))))
  (type $functype_2 (func (param i32 (ref eq)) (result (ref eq))))
  (type $functype_3 (func (param i32 i32 (ref null $rt_types__VecInternal) (ref eq)) (result (ref eq))))
  (type $functype_4 (func (param i32 (ref eq) i32 anyref) (result (ref eq))))
  (type $functype_5 (func (param (ref $rt_types__PVec) anyref) (result (ref $rt_types__PVec))))
  (type $functype_6 (func (param i32 anyref) (result (ref $rt_types__PVec))))
  (type $functype_7 (func (param (ref null $rt_types__PVec) i32) (result anyref)))
  (type $functype_8 (func (param (ref null $rt_types__PVec) i32 anyref) (result (ref $rt_types__PVec))))
  (type $functype_9 (func (param (ref null $rt_types__PVec)) (result i32)))
  (type $functype_10 (func (param (ref null $rt_types__PVec) (ref null $rt_types__PVec)) (result (ref $rt_types__PVec))))
  (type $functype_11 (func (param (ref null $rt_types__PVec) i32 i32) (result (ref $rt_types__PVec))))
  (type $functype_12 (func (result (ref $rt_types__Array))))
  (type $functype_13 (func (param (ref null $rt_types__PVec)) (result (ref $rt_types__Array))))
  (type $functype_14 (func (param (ref null $rt_types__Array) anyref)))
  (type $functype_15 (func (param (ref null $rt_types__Array) (ref null $rt_types__PVec))))
  (type $functype_16 (func (param (ref null $rt_types__Array)) (result (ref $rt_types__PVec))))
  (type $functype_17 (func (param (ref $rt_types__Array)) (result (ref $rt_types__PVec))))
  (type $functype_18 (func (param (ref null $rt_types__Variant)) (result (ref null $rt_types__Variant))))
  (global $rt_arr__empty_leaf (ref $rt_types__Array) array.new_fixed $rt_types__Array 0)
  (global $rt_arr__empty_pvec (ref $rt_types__PVec) i32.const 0 i32.const 0 ref.null $rt_types__VecInternal global.get $rt_arr__empty_leaf struct.new $rt_types__PVec)
  (func $rt_arr__tailoff (type $functype_0)
    (param $p0 i32)
    (result i32)
    local.get $p0
    i32.const 32
    i32.le_s
    (if (result i32)
      (then
        i32.const 0)
      (else
        local.get $p0
        i32.const 1
        i32.sub
        i32.const 5
        i32.shr_u
        i32.const 5
        i32.shl))
  )
  (func $rt_arr__get_leaf (type $functype_1)
    (param $p0 (ref $rt_types__PVec))
    (param $p1 i32)
    (result (ref $rt_types__Array))
    (local $p2 i32)
    (local $p3 i32)
    (local $p4 (ref null $rt_types__VecInternal))
    (local $p5 i32)
    local.get $p0
    struct.get $rt_types__PVec 0
    local.set $p2
    local.get $p2
    i32.const 32
    i32.le_s
    (if (result (ref $rt_types__Array))
      (then
        local.get $p0
        struct.get $rt_types__PVec 3)
      (else
        local.get $p2
        i32.const 1
        i32.sub
        i32.const 5
        i32.shr_u
        i32.const 5
        i32.shl
        local.set $p3
        local.get $p1
        local.get $p3
        i32.ge_s
        (if (result (ref $rt_types__Array))
          (then
            local.get $p0
            struct.get $rt_types__PVec 3)
          (else
            local.get $p0
            struct.get $rt_types__PVec 2
            local.set $p4
            local.get $p0
            struct.get $rt_types__PVec 1
            local.set $p5
            (block $brk
              (loop $lp
                local.get $p5
                i32.const 5
                i32.le_s
                br_if $brk
                local.get $p4
                ref.as_non_null
                struct.get $rt_types__VecInternal 0
                local.get $p1
                local.get $p5
                i32.shr_u
                i32.const 31
                i32.and
                array.get $rt_types__VecChildren
                ref.cast (ref null $rt_types__VecInternal)
                local.set $p4
                local.get $p5
                i32.const 5
                i32.sub
                local.set $p5
                br $lp))
            local.get $p4
            ref.as_non_null
            struct.get $rt_types__VecInternal 0
            local.get $p1
            local.get $p5
            i32.shr_u
            i32.const 31
            i32.and
            array.get $rt_types__VecChildren
            ref.cast (ref $rt_types__Array)))))
  )
  (func $rt_arr__new_path (type $functype_2)
    (param $p0 i32)
    (param $p1 (ref eq))
    (result (ref eq))
    (local $p2 (ref null $rt_types__VecChildren))
    (block $brk
      (loop $lp
        local.get $p0
        i32.eqz
        br_if $brk
        ref.null eq
        i32.const 32
        array.new $rt_types__VecChildren
        local.set $p2
        local.get $p2
        ref.as_non_null
        i32.const 0
        local.get $p1
        array.set $rt_types__VecChildren
        local.get $p2
        ref.as_non_null
        struct.new $rt_types__VecInternal
        ref.cast (ref eq)
        local.set $p1
        local.get $p0
        i32.const 5
        i32.sub
        local.set $p0
        br $lp))
    local.get $p1
  )
  (func $rt_arr__push_tail (type $functype_3)
    (param $p0 i32)
    (param $p1 i32)
    (param $p2 (ref null $rt_types__VecInternal))
    (param $p3 (ref eq))
    (result (ref eq))
    (local $p4 (ref null $rt_types__VecChildren))
    (local $p5 i32)
    (local $p6 (ref null eq))
    local.get $p0
    i32.const 1
    i32.sub
    local.get $p1
    i32.shr_u
    i32.const 31
    i32.and
    local.set $p5
    ref.null eq
    i32.const 32
    array.new $rt_types__VecChildren
    local.set $p4
    local.get $p4
    ref.as_non_null
    i32.const 0
    local.get $p2
    ref.as_non_null
    struct.get $rt_types__VecInternal 0
    i32.const 0
    i32.const 32
    array.copy $rt_types__VecChildren $rt_types__VecChildren
    local.get $p1
    i32.const 5
    i32.eq
    (if
      (then
        local.get $p4
        ref.as_non_null
        local.get $p5
        local.get $p3
        array.set $rt_types__VecChildren)
      (else
        local.get $p2
        ref.as_non_null
        struct.get $rt_types__VecInternal 0
        local.get $p5
        array.get $rt_types__VecChildren
        local.set $p6
        local.get $p6
        ref.is_null
        (if (result (ref eq))
          (then
            local.get $p1
            i32.const 5
            i32.sub
            local.get $p3
            call $rt_arr__new_path)
          (else
            local.get $p0
            local.get $p1
            i32.const 5
            i32.sub
            local.get $p6
            ref.cast (ref null $rt_types__VecInternal)
            local.get $p3
            call $rt_arr__push_tail))
        local.set $p6
        local.get $p4
        ref.as_non_null
        local.get $p5
        local.get $p6
        array.set $rt_types__VecChildren))
    local.get $p4
    ref.as_non_null
    struct.new $rt_types__VecInternal
    ref.cast (ref eq)
  )
  (func $rt_arr__do_set (type $functype_4)
    (param $p0 i32)
    (param $p1 (ref eq))
    (param $p2 i32)
    (param $p3 anyref)
    (result (ref eq))
    (local $p4 (ref null $rt_types__VecChildren))
    (local $p5 i32)
    (local $p6 (ref null $rt_types__Array))
    (local $p7 (ref null $rt_types__Array))
    local.get $p0
    i32.eqz
    (if (result (ref eq))
      (then
        local.get $p1
        ref.cast (ref $rt_types__Array)
        local.set $p7
        ref.null none
        local.get $p7
        ref.as_non_null
        array.len
        array.new $rt_types__Array
        local.set $p6
        local.get $p6
        ref.as_non_null
        i32.const 0
        local.get $p7
        ref.as_non_null
        i32.const 0
        local.get $p7
        ref.as_non_null
        array.len
        array.copy $rt_types__Array $rt_types__Array
        local.get $p6
        ref.as_non_null
        local.get $p2
        i32.const 31
        i32.and
        local.get $p3
        array.set $rt_types__Array
        local.get $p6
        ref.as_non_null
        ref.cast (ref eq))
      (else
        local.get $p2
        local.get $p0
        i32.shr_u
        i32.const 31
        i32.and
        local.set $p5
        ref.null eq
        i32.const 32
        array.new $rt_types__VecChildren
        local.set $p4
        local.get $p4
        ref.as_non_null
        i32.const 0
        local.get $p1
        ref.cast (ref $rt_types__VecInternal)
        struct.get $rt_types__VecInternal 0
        i32.const 0
        i32.const 32
        array.copy $rt_types__VecChildren $rt_types__VecChildren
        local.get $p4
        ref.as_non_null
        local.get $p5
        local.get $p0
        i32.const 5
        i32.sub
        local.get $p1
        ref.cast (ref $rt_types__VecInternal)
        struct.get $rt_types__VecInternal 0
        local.get $p5
        array.get $rt_types__VecChildren
        ref.as_non_null
        local.get $p2
        local.get $p3
        call $rt_arr__do_set
        array.set $rt_types__VecChildren
        local.get $p4
        ref.as_non_null
        struct.new $rt_types__VecInternal
        ref.cast (ref eq)))
  )
  (func $rt_arr__push (type $functype_5)
    (param $p0 (ref $rt_types__PVec))
    (param $p1 anyref)
    (result (ref $rt_types__PVec))
    (local $p2 i32)
    (local $p3 i32)
    (local $p4 (ref null $rt_types__Array))
    (local $p5 (ref null eq))
    (local $p6 i32)
    (local $p7 (ref null $rt_types__VecChildren))
    local.get $p0
    struct.get $rt_types__PVec 0
    local.set $p2
    local.get $p0
    struct.get $rt_types__PVec 3
    array.len
    local.set $p3
    local.get $p3
    i32.const 32
    i32.lt_s
    (if (result (ref $rt_types__PVec))
      (then
        ref.null none
        local.get $p3
        i32.const 1
        i32.add
        array.new $rt_types__Array
        local.set $p4
        local.get $p3
        i32.eqz
        (if
          (then)
          (else
            local.get $p4
            ref.as_non_null
            i32.const 0
            local.get $p0
            struct.get $rt_types__PVec 3
            i32.const 0
            local.get $p3
            array.copy $rt_types__Array $rt_types__Array))
        local.get $p4
        ref.as_non_null
        local.get $p3
        local.get $p1
        array.set $rt_types__Array
        local.get $p2
        i32.const 1
        i32.add
        local.get $p0
        struct.get $rt_types__PVec 1
        local.get $p0
        struct.get $rt_types__PVec 2
        local.get $p4
        ref.as_non_null
        struct.new $rt_types__PVec)
      (else
        local.get $p0
        struct.get $rt_types__PVec 1
        local.set $p6
        local.get $p0
        struct.get $rt_types__PVec 2
        ref.is_null
        (if
          (then
            i32.const 5
            local.set $p6
            i32.const 5
            local.get $p0
            struct.get $rt_types__PVec 3
            ref.cast (ref eq)
            call $rt_arr__new_path
            local.set $p5)
          (else
            local.get $p2
            i32.const 5
            i32.shr_u
            i32.const 1
            local.get $p6
            i32.shl
            i32.gt_u
            (if
              (then
                ref.null eq
                i32.const 32
                array.new $rt_types__VecChildren
                local.set $p7
                local.get $p7
                ref.as_non_null
                i32.const 0
                local.get $p0
                struct.get $rt_types__PVec 2
                ref.as_non_null
                ref.cast (ref eq)
                array.set $rt_types__VecChildren
                local.get $p7
                ref.as_non_null
                i32.const 1
                local.get $p6
                local.get $p0
                struct.get $rt_types__PVec 3
                ref.cast (ref eq)
                call $rt_arr__new_path
                array.set $rt_types__VecChildren
                local.get $p7
                ref.as_non_null
                struct.new $rt_types__VecInternal
                ref.cast (ref eq)
                local.set $p5
                local.get $p6
                i32.const 5
                i32.add
                local.set $p6)
              (else
                local.get $p2
                local.get $p6
                local.get $p0
                struct.get $rt_types__PVec 2
                local.get $p0
                struct.get $rt_types__PVec 3
                ref.cast (ref eq)
                call $rt_arr__push_tail
                local.set $p5))))
        local.get $p1
        array.new_fixed $rt_types__Array 1
        local.set $p4
        local.get $p2
        i32.const 1
        i32.add
        local.get $p6
        local.get $p5
        ref.cast (ref null $rt_types__VecInternal)
        local.get $p4
        ref.as_non_null
        struct.new $rt_types__PVec))
  )
  (func $rt_arr__make (type $functype_6)
    (param $p0 i32)
    (param $p1 anyref)
    (result (ref $rt_types__PVec))
    (local $p2 (ref null $rt_types__PVec))
    (local $p3 i32)
    local.get $p0
    i32.eqz
    (if (result (ref $rt_types__PVec))
      (then
        global.get $rt_arr__empty_pvec)
      (else
        global.get $rt_arr__empty_pvec
        local.set $p2
        i32.const 0
        local.set $p3
        (block $brk
          (loop $lp
            local.get $p3
            local.get $p0
            i32.ge_s
            br_if $brk
            local.get $p2
            ref.as_non_null
            local.get $p1
            call $rt_arr__push
            local.set $p2
            local.get $p3
            i32.const 1
            i32.add
            local.set $p3
            br $lp))
        local.get $p2
        ref.as_non_null))
  )
  (func $rt_arr__get (type $functype_7)
    (param $p0 (ref null $rt_types__PVec))
    (param $p1 i32)
    (result anyref)
    (local $p2 i32)
    (local $p3 i32)
    (local $p4 (ref null $rt_types__VecInternal))
    (local $p5 i32)
    local.get $p0
    ref.as_non_null
    struct.get $rt_types__PVec 0
    local.set $p2
    local.get $p2
    i32.const 32
    i32.le_s
    (if (result anyref)
      (then
        local.get $p0
        ref.as_non_null
        struct.get $rt_types__PVec 3
        local.get $p1
        i32.const 31
        i32.and
        array.get $rt_types__Array)
      (else
        local.get $p2
        i32.const 1
        i32.sub
        i32.const 5
        i32.shr_u
        i32.const 5
        i32.shl
        local.set $p3
        local.get $p1
        local.get $p3
        i32.ge_s
        (if (result anyref)
          (then
            local.get $p0
            ref.as_non_null
            struct.get $rt_types__PVec 3
            local.get $p1
            i32.const 31
            i32.and
            array.get $rt_types__Array)
          (else
            local.get $p0
            ref.as_non_null
            struct.get $rt_types__PVec 2
            local.set $p4
            local.get $p0
            ref.as_non_null
            struct.get $rt_types__PVec 1
            local.set $p5
            (block $brk
              (loop $lp
                local.get $p5
                i32.const 5
                i32.le_s
                br_if $brk
                local.get $p4
                ref.as_non_null
                struct.get $rt_types__VecInternal 0
                local.get $p1
                local.get $p5
                i32.shr_u
                i32.const 31
                i32.and
                array.get $rt_types__VecChildren
                ref.cast (ref null $rt_types__VecInternal)
                local.set $p4
                local.get $p5
                i32.const 5
                i32.sub
                local.set $p5
                br $lp))
            local.get $p4
            ref.as_non_null
            struct.get $rt_types__VecInternal 0
            local.get $p1
            local.get $p5
            i32.shr_u
            i32.const 31
            i32.and
            array.get $rt_types__VecChildren
            ref.cast (ref $rt_types__Array)
            local.get $p1
            i32.const 31
            i32.and
            array.get $rt_types__Array))))
  )
  (func $rt_arr__set (type $functype_8)
    (param $p0 (ref null $rt_types__PVec))
    (param $p1 i32)
    (param $p2 anyref)
    (result (ref $rt_types__PVec))
    (local $p3 i32)
    (local $p4 (ref null $rt_types__Array))
    local.get $p0
    ref.as_non_null
    struct.get $rt_types__PVec 0
    call $rt_arr__tailoff
    local.set $p3
    local.get $p1
    local.get $p3
    i32.ge_s
    (if (result (ref $rt_types__PVec))
      (then
        ref.null none
        local.get $p0
        ref.as_non_null
        struct.get $rt_types__PVec 3
        array.len
        array.new $rt_types__Array
        local.set $p4
        local.get $p4
        ref.as_non_null
        i32.const 0
        local.get $p0
        ref.as_non_null
        struct.get $rt_types__PVec 3
        i32.const 0
        local.get $p0
        ref.as_non_null
        struct.get $rt_types__PVec 3
        array.len
        array.copy $rt_types__Array $rt_types__Array
        local.get $p4
        ref.as_non_null
        local.get $p1
        local.get $p3
        i32.sub
        local.get $p2
        array.set $rt_types__Array
        local.get $p0
        ref.as_non_null
        struct.get $rt_types__PVec 0
        local.get $p0
        ref.as_non_null
        struct.get $rt_types__PVec 1
        local.get $p0
        ref.as_non_null
        struct.get $rt_types__PVec 2
        local.get $p4
        ref.as_non_null
        struct.new $rt_types__PVec)
      (else
        local.get $p0
        ref.as_non_null
        struct.get $rt_types__PVec 0
        local.get $p0
        ref.as_non_null
        struct.get $rt_types__PVec 1
        local.get $p0
        ref.as_non_null
        struct.get $rt_types__PVec 1
        local.get $p0
        ref.as_non_null
        struct.get $rt_types__PVec 2
        ref.as_non_null
        ref.cast (ref eq)
        local.get $p1
        local.get $p2
        call $rt_arr__do_set
        ref.cast (ref null $rt_types__VecInternal)
        local.get $p0
        ref.as_non_null
        struct.get $rt_types__PVec 3
        struct.new $rt_types__PVec))
  )
  (func $rt_arr__len (type $functype_9)
    (param $p0 (ref null $rt_types__PVec))
    (result i32)
    local.get $p0
    ref.as_non_null
    struct.get $rt_types__PVec 0
  )
  (func $rt_arr__concat (type $functype_10)
    (param $p0 (ref null $rt_types__PVec))
    (param $p1 (ref null $rt_types__PVec))
    (result (ref $rt_types__PVec))
    (local $p2 (ref null $rt_types__PVec))
    (local $p3 i32)
    (local $p4 i32)
    local.get $p0
    ref.as_non_null
    local.set $p2
    local.get $p1
    ref.as_non_null
    struct.get $rt_types__PVec 0
    local.set $p4
    i32.const 0
    local.set $p3
    (block $brk
      (loop $lp
        local.get $p3
        local.get $p4
        i32.ge_s
        br_if $brk
        local.get $p2
        ref.as_non_null
        local.get $p1
        local.get $p3
        call $rt_arr__get
        call $rt_arr__push
        local.set $p2
        local.get $p3
        i32.const 1
        i32.add
        local.set $p3
        br $lp))
    local.get $p2
    ref.as_non_null
  )
  (func $rt_arr__slice (type $functype_11)
    (param $p0 (ref null $rt_types__PVec))
    (param $p1 i32)
    (param $p2 i32)
    (result (ref $rt_types__PVec))
    (local $p3 (ref null $rt_types__PVec))
    (local $p4 i32)
    global.get $rt_arr__empty_pvec
    local.set $p3
    local.get $p1
    local.set $p4
    (block $brk
      (loop $lp
        local.get $p4
        local.get $p2
        i32.ge_s
        br_if $brk
        local.get $p3
        ref.as_non_null
        local.get $p0
        local.get $p4
        call $rt_arr__get
        call $rt_arr__push
        local.set $p3
        local.get $p4
        i32.const 1
        i32.add
        local.set $p4
        br $lp))
    local.get $p3
    ref.as_non_null
  )
  (func $rt_arr__builder_new (type $functype_12)
    (result (ref $rt_types__Array))
    global.get $rt_arr__empty_pvec
    i64.const 0
    struct.new $rt_types__BoxedInt
    ref.null none
    i32.const 32
    array.new $rt_types__Array
    array.new_fixed $rt_types__Array 3
  )
  (func $rt_arr__builder_from (type $functype_13)
    (param $p0 (ref null $rt_types__PVec))
    (result (ref $rt_types__Array))
    (local $p1 (ref null $rt_types__Array))
    (local $p2 i32)
    (local $p3 (ref null $rt_types__Array))
    (local $p4 (ref null $rt_types__PVec))
    local.get $p0
    ref.as_non_null
    struct.get $rt_types__PVec 3
    local.set $p1
    local.get $p1
    ref.as_non_null
    array.len
    local.set $p2
    ref.null none
    i32.const 32
    array.new $rt_types__Array
    local.set $p3
    local.get $p2
    i32.eqz
    (if
      (then)
      (else
        local.get $p3
        ref.as_non_null
        i32.const 0
        local.get $p1
        ref.as_non_null
        i32.const 0
        local.get $p2
        array.copy $rt_types__Array $rt_types__Array))
    local.get $p0
    ref.as_non_null
    struct.get $rt_types__PVec 0
    local.get $p2
    i32.sub
    local.get $p0
    ref.as_non_null
    struct.get $rt_types__PVec 1
    local.get $p0
    ref.as_non_null
    struct.get $rt_types__PVec 2
    global.get $rt_arr__empty_leaf
    struct.new $rt_types__PVec
    local.set $p4
    local.get $p4
    ref.as_non_null
    local.get $p2
    i64.extend_i32_s
    struct.new $rt_types__BoxedInt
    local.get $p3
    array.new_fixed $rt_types__Array 3
  )
  (func $rt_arr__builder_push (type $functype_14)
    (param $p0 (ref null $rt_types__Array))
    (param $p1 anyref)
    (local $p2 (ref null $rt_types__Array))
    (local $p3 i32)
    (local $p4 (ref null $rt_types__PVec))
    (local $p5 (ref null $rt_types__PVec))
    local.get $p0
    ref.as_non_null
    i32.const 2
    array.get $rt_types__Array
    ref.cast (ref null $rt_types__Array)
    local.set $p2
    local.get $p0
    ref.as_non_null
    i32.const 1
    array.get $rt_types__Array
    ref.cast (ref $rt_types__BoxedInt)
    struct.get $rt_types__BoxedInt 0
    i32.wrap_i64
    local.set $p3
    local.get $p3
    i32.const 32
    i32.lt_s
    (if
      (then
        local.get $p2
        ref.as_non_null
        local.get $p3
        local.get $p1
        array.set $rt_types__Array
        local.get $p0
        ref.as_non_null
        i32.const 1
        local.get $p3
        i32.const 1
        i32.add
        i64.extend_i32_s
        struct.new $rt_types__BoxedInt
        array.set $rt_types__Array)
      (else
        local.get $p0
        ref.as_non_null
        i32.const 0
        array.get $rt_types__Array
        ref.cast (ref null $rt_types__PVec)
        local.set $p4
        local.get $p4
        ref.as_non_null
        struct.get $rt_types__PVec 0
        i32.const 32
        i32.add
        local.get $p4
        ref.as_non_null
        struct.get $rt_types__PVec 1
        local.get $p4
        ref.as_non_null
        struct.get $rt_types__PVec 2
        local.get $p2
        ref.as_non_null
        struct.new $rt_types__PVec
        local.get $p1
        call $rt_arr__push
        local.set $p5
        local.get $p0
        ref.as_non_null
        i32.const 0
        local.get $p5
        ref.as_non_null
        struct.get $rt_types__PVec 0
        i32.const 1
        i32.sub
        local.get $p5
        ref.as_non_null
        struct.get $rt_types__PVec 1
        local.get $p5
        ref.as_non_null
        struct.get $rt_types__PVec 2
        global.get $rt_arr__empty_leaf
        struct.new $rt_types__PVec
        array.set $rt_types__Array
        ref.null none
        i32.const 32
        array.new $rt_types__Array
        local.set $p2
        local.get $p2
        ref.as_non_null
        i32.const 0
        local.get $p1
        array.set $rt_types__Array
        local.get $p0
        ref.as_non_null
        i32.const 2
        local.get $p2
        array.set $rt_types__Array
        local.get $p0
        ref.as_non_null
        i32.const 1
        i64.const 1
        struct.new $rt_types__BoxedInt
        array.set $rt_types__Array))
  )
  (func $rt_arr__builder_extend (type $functype_15)
    (param $p0 (ref null $rt_types__Array))
    (param $p1 (ref null $rt_types__PVec))
    (local $p2 i32)
    (local $p3 i32)
    local.get $p1
    ref.as_non_null
    struct.get $rt_types__PVec 0
    local.set $p3
    i32.const 0
    local.set $p2
    (block $brk
      (loop $lp
        local.get $p2
        local.get $p3
        i32.ge_s
        br_if $brk
        local.get $p0
        local.get $p1
        local.get $p2
        call $rt_arr__get
        call $rt_arr__builder_push
        local.get $p2
        i32.const 1
        i32.add
        local.set $p2
        br $lp))
  )
  (func $rt_arr__builder_freeze (type $functype_16)
    (param $p0 (ref null $rt_types__Array))
    (result (ref $rt_types__PVec))
    (local $p1 (ref null $rt_types__PVec))
    (local $p2 i32)
    (local $p3 (ref null $rt_types__Array))
    (local $p4 (ref null $rt_types__Array))
    local.get $p0
    ref.as_non_null
    i32.const 0
    array.get $rt_types__Array
    ref.cast (ref null $rt_types__PVec)
    local.set $p1
    local.get $p0
    ref.as_non_null
    i32.const 1
    array.get $rt_types__Array
    ref.cast (ref $rt_types__BoxedInt)
    struct.get $rt_types__BoxedInt 0
    i32.wrap_i64
    local.set $p2
    local.get $p0
    ref.as_non_null
    i32.const 2
    array.get $rt_types__Array
    ref.cast (ref null $rt_types__Array)
    local.set $p3
    local.get $p2
    i32.eqz
    (if (result (ref $rt_types__PVec))
      (then
        local.get $p1
        ref.as_non_null)
      (else
        ref.null none
        local.get $p2
        array.new $rt_types__Array
        local.set $p4
        local.get $p4
        ref.as_non_null
        i32.const 0
        local.get $p3
        ref.as_non_null
        i32.const 0
        local.get $p2
        array.copy $rt_types__Array $rt_types__Array
        local.get $p1
        ref.as_non_null
        struct.get $rt_types__PVec 0
        local.get $p2
        i32.add
        local.get $p1
        ref.as_non_null
        struct.get $rt_types__PVec 1
        local.get $p1
        ref.as_non_null
        struct.get $rt_types__PVec 2
        local.get $p4
        ref.as_non_null
        struct.new $rt_types__PVec))
  )
  (func $rt_arr__from_array (type $functype_17)
    (param $p0 (ref $rt_types__Array))
    (result (ref $rt_types__PVec))
    (local $p1 i32)
    (local $p2 (ref null $rt_types__PVec))
    (local $p3 i32)
    local.get $p0
    array.len
    local.set $p1
    local.get $p1
    i32.eqz
    (if (result (ref $rt_types__PVec))
      (then
        global.get $rt_arr__empty_pvec)
      (else
        local.get $p1
        i32.const 32
        i32.le_s
        (if (result (ref $rt_types__PVec))
          (then
            local.get $p1
            i32.const 0
            ref.null $rt_types__VecInternal
            local.get $p0
            struct.new $rt_types__PVec)
          (else
            global.get $rt_arr__empty_pvec
            local.set $p2
            i32.const 0
            local.set $p3
            (block $brk
              (loop $lp
                local.get $p3
                local.get $p1
                i32.ge_s
                br_if $brk
                local.get $p2
                ref.as_non_null
                local.get $p0
                local.get $p3
                array.get $rt_types__Array
                call $rt_arr__push
                local.set $p2
                local.get $p3
                i32.const 1
                i32.add
                local.set $p3
                br $lp))
            local.get $p2
            ref.as_non_null))))
  )
  (func $rt_arr__to_array (type $functype_13)
    (param $p0 (ref null $rt_types__PVec))
    (result (ref $rt_types__Array))
    (local $p1 i32)
    (local $p2 (ref null $rt_types__Array))
    (local $p3 i32)
    local.get $p0
    ref.as_non_null
    struct.get $rt_types__PVec 0
    local.set $p1
    ref.null none
    local.get $p1
    array.new $rt_types__Array
    local.set $p2
    i32.const 0
    local.set $p3
    (block $brk
      (loop $lp
        local.get $p3
        local.get $p1
        i32.ge_s
        br_if $brk
        local.get $p2
        ref.as_non_null
        local.get $p3
        local.get $p0
        ref.as_non_null
        local.get $p3
        call $rt_arr__get
        array.set $rt_types__Array
        local.get $p3
        i32.const 1
        i32.add
        local.set $p3
        br $lp))
    local.get $p2
    ref.as_non_null
  )
  (func $rt_arr__from_read_file_result (type $functype_18)
    (param $p0 (ref null $rt_types__Variant))
    (result (ref null $rt_types__Variant))
    (local $p1 (ref null $rt_types__Variant))
    (local $p2 (ref null $rt_types__Array))
    local.get $p0
    ref.as_non_null
    struct.get $rt_types__Variant 0
    i32.const 1
    i32.eq
    (if (result (ref null $rt_types__Variant))
      (then
        local.get $p0
        ref.as_non_null
        struct.get $rt_types__Variant 1
        i32.eqz
        (if (result (ref null $rt_types__Variant))
          (then
            local.get $p0
            ref.as_non_null
            struct.get $rt_types__Variant 2
            local.set $p2
            i32.const 1
            i32.const 0
            local.get $p2
            ref.as_non_null
            i32.const 0
            array.get $rt_types__Array
            ref.cast (ref $rt_types__Array)
            call $rt_arr__from_array
            array.new_fixed $rt_types__Array 1
            struct.new $rt_types__Variant)
          (else
            local.get $p0)))
      (else
        local.get $p0))
  )
  (export "rt_arr__tailoff" (func $rt_arr__tailoff))
  (export "rt_arr__get_leaf" (func $rt_arr__get_leaf))
  (export "rt_arr__new_path" (func $rt_arr__new_path))
  (export "rt_arr__push_tail" (func $rt_arr__push_tail))
  (export "rt_arr__do_set" (func $rt_arr__do_set))
  (export "rt_arr__push" (func $rt_arr__push))
  (export "rt_arr__make" (func $rt_arr__make))
  (export "rt_arr__get" (func $rt_arr__get))
  (export "rt_arr__set" (func $rt_arr__set))
  (export "rt_arr__len" (func $rt_arr__len))
  (export "rt_arr__concat" (func $rt_arr__concat))
  (export "rt_arr__slice" (func $rt_arr__slice))
  (export "rt_arr__builder_new" (func $rt_arr__builder_new))
  (export "rt_arr__builder_from" (func $rt_arr__builder_from))
  (export "rt_arr__builder_push" (func $rt_arr__builder_push))
  (export "rt_arr__builder_extend" (func $rt_arr__builder_extend))
  (export "rt_arr__builder_freeze" (func $rt_arr__builder_freeze))
  (export "rt_arr__from_array" (func $rt_arr__from_array))
  (export "rt_arr__to_array" (func $rt_arr__to_array))
  (export "rt_arr__from_read_file_result" (func $rt_arr__from_read_file_result))
)
