---
source: tests/runtime_dump_test.rs
assertion_line: 139
expression: wat
---
(module
  (type $rt_types__Array (array (mut anyref)))
  (type $rt_types__String (array (mut i8)))
  (type $rt_types__DictEntry (struct (field $key anyref) (field $val anyref)))
  (type $rt_types__Dict (array (mut (ref null $rt_types__DictEntry))))
  (type $rt_types__ClosureEnv (array anyref))
  (type $rt_types__ClosureFunc (func (param anyref anyref) (result anyref)))
  (type $rt_types__Closure (sub (struct (field $func_ref (ref null $rt_types__ClosureFunc)) (field $env (ref null $rt_types__ClosureEnv)))))
  (type $rt_types__Variant (struct (field $type_id i32) (field $variant_id i32) (field $payload (ref null $rt_types__Array))))
  (type $rt_types__BoxedInt (struct (field $v i64)))
  (type $rt_types__BoxedFloat (struct (field $v f64)))
  (type $rt_types__IterState (sub (struct (field $seed anyref) (field $step anyref))))
  (type $functype_0 (func (param f64) (result (ref $rt_types__String))))
  (type $functype_1 (func (param (ref null $rt_types__String)) (result i32)))
  (type $functype_2 (func (param (ref null $rt_types__String) (ref null $rt_types__String)) (result (ref $rt_types__String))))
  (type $functype_3 (func (param (ref null $rt_types__String) i32 i32) (result (ref $rt_types__String))))
  (type $functype_4 (func (param (ref null $rt_types__String) (ref null $rt_types__String)) (result i32)))
  (type $functype_5 (func (param i64) (result (ref $rt_types__String))))
  (type $functype_6 (func (param i32) (result (ref $rt_types__String))))
  (import "host" "f64_to_string" (func $rt_str__host_f64_to_string (type $functype_0)))
  (func $rt_str__len (type $functype_1)
    (param $p0 (ref null $rt_types__String))
    (result i32)
    local.get $p0
    ref.as_non_null
    array.len
  )
  (func $rt_str__concat (type $functype_2)
    (param $p0 (ref null $rt_types__String))
    (param $p1 (ref null $rt_types__String))
    (result (ref $rt_types__String))
    (local $p2 i32)
    (local $p3 i32)
    (local $p4 i32)
    (local $p5 (ref null $rt_types__String))
    local.get $p0
    ref.as_non_null
    array.len
    local.set $p2
    local.get $p1
    ref.as_non_null
    array.len
    local.set $p3
    local.get $p2
    local.get $p3
    i32.add
    local.set $p4
    i32.const 0
    local.get $p4
    array.new $rt_types__String
    local.set $p5
    local.get $p5
    ref.as_non_null
    i32.const 0
    local.get $p0
    ref.as_non_null
    i32.const 0
    local.get $p2
    array.copy $rt_types__String $rt_types__String
    local.get $p5
    ref.as_non_null
    local.get $p2
    local.get $p1
    ref.as_non_null
    i32.const 0
    local.get $p3
    array.copy $rt_types__String $rt_types__String
    local.get $p5
    ref.as_non_null
  )
  (func $rt_str__substring (type $functype_3)
    (param $p0 (ref null $rt_types__String))
    (param $p1 i32)
    (param $p2 i32)
    (result (ref $rt_types__String))
    (local $p3 i32)
    (local $p4 (ref null $rt_types__String))
    local.get $p0
    ref.as_non_null
    array.len
    local.set $p3
    local.get $p1
    i32.const 0
    i32.lt_s
    (if
      (then
        local.get $p3
        local.set $p1))
    local.get $p1
    local.get $p3
    i32.gt_s
    (if
      (then
        local.get $p3
        local.set $p1))
    local.get $p2
    i32.const 0
    i32.lt_s
    (if
      (then
        local.get $p3
        local.set $p2))
    local.get $p2
    local.get $p3
    i32.gt_s
    (if
      (then
        local.get $p3
        local.set $p2))
    local.get $p2
    local.get $p1
    i32.lt_s
    (if
      (then
        local.get $p1
        local.set $p2))
    local.get $p2
    local.get $p1
    i32.sub
    local.set $p3
    i32.const 0
    local.get $p3
    array.new $rt_types__String
    local.set $p4
    local.get $p4
    ref.as_non_null
    i32.const 0
    local.get $p0
    ref.as_non_null
    local.get $p1
    local.get $p3
    array.copy $rt_types__String $rt_types__String
    local.get $p4
    ref.as_non_null
  )
  (func $rt_str__eq (type $functype_4)
    (param $p0 (ref null $rt_types__String))
    (param $p1 (ref null $rt_types__String))
    (result i32)
    (local $p2 i32)
    (local $p3 i32)
    local.get $p0
    ref.as_non_null
    array.len
    local.set $p2
    local.get $p2
    local.get $p1
    ref.as_non_null
    array.len
    i32.ne
    (if
      (then
        i32.const 0
        return))
    i32.const 0
    local.set $p3
    (block $exit
      (loop $cmp
        local.get $p3
        local.get $p2
        i32.ge_s
        br_if $exit
        local.get $p0
        ref.as_non_null
        local.get $p3
        array.get_u $rt_types__String
        local.get $p1
        ref.as_non_null
        local.get $p3
        array.get_u $rt_types__String
        i32.ne
        (if
          (then
            i32.const 0
            return))
        local.get $p3
        i32.const 1
        i32.add
        local.set $p3
        br $cmp))
    i32.const 1
  )
  (func $rt_str__cmp (type $functype_4)
    (param $p0 (ref null $rt_types__String))
    (param $p1 (ref null $rt_types__String))
    (result i32)
    (local $p2 i32)
    (local $p3 i32)
    (local $p4 i32)
    (local $p5 i32)
    (local $p6 i32)
    (local $p7 i32)
    local.get $p0
    ref.as_non_null
    array.len
    local.set $p6
    local.get $p1
    ref.as_non_null
    array.len
    local.set $p7
    local.get $p6
    local.get $p7
    local.get $p6
    local.get $p7
    i32.le_s
    select
    local.set $p2
    i32.const 0
    local.set $p3
    (block $done
      (loop $cmp_loop
        local.get $p3
        local.get $p2
        i32.ge_s
        br_if $done
        local.get $p0
        ref.as_non_null
        local.get $p3
        array.get_u $rt_types__String
        local.set $p4
        local.get $p1
        ref.as_non_null
        local.get $p3
        array.get_u $rt_types__String
        local.set $p5
        local.get $p4
        local.get $p5
        i32.lt_u
        (if
          (then
            i32.const -1
            return))
        local.get $p4
        local.get $p5
        i32.gt_u
        (if
          (then
            i32.const 1
            return))
        local.get $p3
        i32.const 1
        i32.add
        local.set $p3
        br $cmp_loop))
    local.get $p6
    local.get $p7
    i32.lt_s
    (if
      (then
        i32.const -1
        return))
    local.get $p6
    local.get $p7
    i32.gt_s
    (if
      (then
        i32.const 1
        return))
    i32.const 0
  )
  (func $rt_str__from_i64 (type $functype_5)
    (param $p0 i64)
    (result (ref $rt_types__String))
    (local $p1 i32)
    (local $p2 i64)
    (local $p3 i32)
    (local $p4 i32)
    (local $p5 (ref null $rt_types__String))
    (local $p6 (ref null $rt_types__String))
    local.get $p0
    i64.eqz
    (if
      (then
        i32.const 48
        array.new_fixed $rt_types__String 1
        return))
    local.get $p0
    i64.const -9223372036854775808
    i64.eq
    (if
      (then
        i32.const 45
        i32.const 57
        i32.const 50
        i32.const 50
        i32.const 51
        i32.const 51
        i32.const 55
        i32.const 50
        i32.const 48
        i32.const 51
        i32.const 54
        i32.const 56
        i32.const 53
        i32.const 52
        i32.const 55
        i32.const 55
        i32.const 53
        i32.const 56
        i32.const 48
        i32.const 56
        array.new_fixed $rt_types__String 20
        return))
    local.get $p0
    i64.const 0
    i64.lt_s
    local.set $p1
    local.get $p1
    (if (result i64)
      (then
        i64.const 0
        local.get $p0
        i64.sub)
      (else
        local.get $p0))
    local.set $p2
    i32.const 0
    i32.const 20
    array.new $rt_types__String
    local.set $p5
    i32.const 19
    local.set $p3
    (loop $digits
      local.get $p5
      ref.as_non_null
      local.get $p3
      local.get $p2
      i64.const 10
      i64.rem_s
      i32.wrap_i64
      i32.const 48
      i32.add
      array.set $rt_types__String
      local.get $p2
      i64.const 10
      i64.div_s
      local.set $p2
      local.get $p3
      i32.const 1
      i32.sub
      local.set $p3
      local.get $p2
      i64.eqz
      i32.eqz
      br_if $digits)
    local.get $p1
    (if
      (then
        local.get $p5
        ref.as_non_null
        local.get $p3
        i32.const 45
        array.set $rt_types__String
        local.get $p3
        i32.const 1
        i32.sub
        local.set $p3))
    i32.const 19
    local.get $p3
    i32.sub
    local.set $p4
    i32.const 0
    local.get $p4
    array.new $rt_types__String
    local.set $p6
    local.get $p6
    ref.as_non_null
    i32.const 0
    local.get $p5
    ref.as_non_null
    local.get $p3
    i32.const 1
    i32.add
    local.get $p4
    array.copy $rt_types__String $rt_types__String
    local.get $p6
    ref.as_non_null
  )
  (func $rt_str__from_f64 (type $functype_0)
    (param $p0 f64)
    (result (ref $rt_types__String))
    local.get $p0
    call $rt_str__host_f64_to_string
  )
  (func $rt_str__from_bool (type $functype_6)
    (param $p0 i32)
    (result (ref $rt_types__String))
    local.get $p0
    (if (result (ref $rt_types__String))
      (then
        i32.const 116
        i32.const 114
        i32.const 117
        i32.const 101
        array.new_fixed $rt_types__String 4)
      (else
        i32.const 102
        i32.const 97
        i32.const 108
        i32.const 115
        i32.const 101
        array.new_fixed $rt_types__String 5))
  )
  (export "rt_str__len" (func $rt_str__len))
  (export "rt_str__concat" (func $rt_str__concat))
  (export "rt_str__substring" (func $rt_str__substring))
  (export "rt_str__eq" (func $rt_str__eq))
  (export "rt_str__cmp" (func $rt_str__cmp))
  (export "rt_str__from_i64" (func $rt_str__from_i64))
  (export "rt_str__from_f64" (func $rt_str__from_f64))
  (export "rt_str__from_bool" (func $rt_str__from_bool))
)
